[2026-05-06 19:49:07] [INFO ] === Meva.Rt AriaRunner iniciado ===
[2026-05-06 19:49:07] [INFO ] Directorio:  \\ARIAMEVADB-SVR\va_data$\Export\Pablo\net9.0
[2026-05-06 19:49:07] [INFO ] Log:         \\ARIAMEVADB-SVR\va_data$\Export\Pablo\net9.0\aria_runner_20260506_194907.log
[2026-05-06 19:49:07] [INFO ] Resultados:  \\ARIAMEVADB-SVR\va_data$\Export\Pablo\net9.0\aria_results_20260506_194907.json
[2026-05-06 19:49:07] [INFO ] Archivo de entrada: por defecto (\\ARIAMEVADB-SVR\va_data$\Export\Pablo\net9.0\pacientes.json)
[2026-05-06 19:49:07] [INFO ] Entrada:     \\ARIAMEVADB-SVR\va_data$\Export\Pablo\net9.0\pacientes.json (176 pacientes)
[2026-05-06 19:49:07] [INFO ] ------------------------------------------------------------
[2026-05-06 19:49:07] [INFO ] Probando conexión a ARIA...
[2026-05-06 19:49:09] [INFO ] Conexión exitosa. Total de pacientes en ARIA: 23093
[2026-05-06 19:49:09] [INFO ] ------------------------------------------------------------
[2026-05-06 19:49:09] [INFO ] Buscando 176 pacientes...
[2026-05-06 19:49:09] [INFO ] [1/176] 1-103993-1
[2026-05-06 19:49:09] [WARN ]   [1-103993-1] No encontrado en ARIA
[2026-05-06 19:49:09] [INFO ] [2/176] 1-104624-1
[2026-05-06 19:49:09] [WARN ]   [1-104624-1] No encontrado en ARIA
[2026-05-06 19:49:09] [INFO ] [3/176] 1-111425-1
[2026-05-06 19:49:09] [INFO ]   [1-111425-1] JOSSERME, CLAUDIA JUDITH | Plan: PTV1_15Fx_1mm (PlanApproval) | Equipo: Equipo_4
[2026-05-06 19:49:09] [INFO ] [4/176] 1-112897-0
[2026-05-06 19:49:09] [INFO ]   [1-112897-0] BUCCI, JACQUELINE DAIANA | Plan: TBI Ant (Unapproved) | Equipo: Equipo_1
[2026-05-06 19:49:09] [INFO ] [5/176] 1-114418-0
[2026-05-06 19:49:09] [INFO ]   [1-114418-0] MANSILLA, THOMAS AGUSTIN | Plan: ninguno (-) | Equipo: -
[2026-05-06 19:49:09] [INFO ] [6/176] 1-114617-1
[2026-05-06 19:49:09] [INFO ]   [1-114617-1] KRUGUER, IRENE JACQUELINE | Plan: PTV1_Ec (TreatApproval) | Equipo: Equipo_4
[2026-05-06 19:49:09] [INFO ] [7/176] 1-114686-0
[2026-05-06 19:49:09] [INFO ]   [1-114686-0] CHAVEZ, LUCAS IGNACIO | Plan: ninguno (-) | Equipo: -
[2026-05-06 19:49:09] [INFO ] [8/176] 1-114855-1
[2026-05-06 19:49:09] [WARN ]   [1-114855-1] No encontrado en ARIA
[2026-05-06 19:49:09] [INFO ] [9/176] 1-114930-1
[2026-05-06 19:49:09] [WARN ]   [1-114930-1] No encontrado en ARIA
[2026-05-06 19:49:09] [INFO ] [10/176] 1-115451-0
[2026-05-06 19:49:09] [INFO ]   [1-115451-0] PEREZ, BARBARA DANIELA | Plan: TBI Pos_mod_o (TreatApproval) | Equipo: Equipo_1
[2026-05-06 19:49:09] [INFO ] [11/176] 1-116023-0
[2026-05-06 19:49:09] [INFO ]   [1-116023-0] RODRIGUEZ, LOURDES | Plan: ninguno (-) | Equipo: -
[2026-05-06 19:49:09] [INFO ] [12/176] 1-116382-0
[2026-05-06 19:49:09] [INFO ]   [1-116382-0] PERALTA GAJARDO, NANCY IVONNE | Plan: ninguno (-) | Equipo: -
[2026-05-06 19:49:09] [INFO ] [13/176] 1-116415-0
[2026-05-06 19:49:09] [INFO ]   [1-116415-0] PALAVECINO, SANTIAGO DANIEL | Plan: ninguno (-) | Equipo: -
[2026-05-06 19:49:09] [INFO ] [14/176] 1-116612-0
[2026-05-06 19:49:09] [WARN ]   [1-116612-0] No encontrado en ARIA
[2026-05-06 19:49:09] [INFO ] [15/176] 1-116802-0
[2026-05-06 19:49:09] [INFO ]   [1-116802-0] PETRECCA, DANIEL ALEJANDRO | Plan: TesticulosEZ_ (TreatApproval) | Equipo: Equipo_1
[2026-05-06 19:49:09] [INFO ] [16/176] 1-116909-0
[2026-05-06 19:49:09] [INFO ]   [1-116909-0] ARANCIBIA, SOLANGE MAGALI | Plan: ninguno (-) | Equipo: -
[2026-05-06 19:49:09] [INFO ] [17/176] 1-116926-0
[2026-05-06 19:49:09] [INFO ]   [1-116926-0] RODRIGUEZ, TAIEL ALEJANDRO | Plan: ninguno (-) | Equipo: -
[2026-05-06 19:49:09] [INFO ] [18/176] 1-117237-0
[2026-05-06 19:49:09] [WARN ]   [1-117237-0] No encontrado en ARIA
[2026-05-06 19:49:09] [INFO ] [19/176] 1-117341-0
[2026-05-06 19:49:09] [INFO ]   [1-117341-0] SOTELO, FERNANDO MIGUEL | Plan: ninguno (-) | Equipo: -
[2026-05-06 19:49:09] [INFO ] [20/176] 1-117355-0
[2026-05-06 19:49:09] [INFO ]   [1-117355-0] UN, CLAUDIA ALEJANDRA | Plan: CyC # (TreatApproval) | Equipo: Quilmes_600CD
[2026-05-06 19:49:09] [INFO ] [21/176] 1-117382-0
[2026-05-06 19:49:09] [INFO ]   [1-117382-0] MATIAS PACO, MIGUEL ANGEL | Plan: ninguno (-) | Equipo: -
[2026-05-06 19:49:09] [INFO ] [22/176] 1-117449-0
[2026-05-06 19:49:09] [WARN ]   [1-117449-0] No encontrado en ARIA
[2026-05-06 19:49:09] [INFO ] [23/176] 1-117505-0
[2026-05-06 19:49:09] [INFO ]   [1-117505-0] AMANTEA, MARIO HECTOR | Plan: Et2Normo1 (Unapproved) | Equipo: -
[2026-05-06 19:49:09] [INFO ] [24/176] 1-117552-0
[2026-05-06 19:49:09] [WARN ]   [1-117552-0] No encontrado en ARIA
[2026-05-06 19:49:09] [INFO ] [25/176] 1-117602-0
[2026-05-06 19:49:09] [INFO ]   [1-117602-0] MINA, ALFREDO MANUEL | Plan: Plan4 (PlanApproval) | Equipo: Equipo 2 6EX
[2026-05-06 19:49:09] [INFO ] [26/176] 1-117637-0
[2026-05-06 19:49:09] [WARN ]   [1-117637-0] No encontrado en ARIA
[2026-05-06 19:49:09] [INFO ] [27/176] 1-117641-0
[2026-05-06 19:49:09] [WARN ]   [1-117641-0] No encontrado en ARIA
[2026-05-06 19:49:09] [INFO ] [28/176] 1-117693-0
[2026-05-06 19:49:09] [INFO ]   [1-117693-0] VIDAL, DIANA BETINA | Plan: ninguno (-) | Equipo: -
[2026-05-06 19:49:09] [INFO ] [29/176] 1-117749-0
[2026-05-06 19:49:09] [INFO ]   [1-117749-0] FERNANDEZ, VICTOR EDUARDO | Plan: Plan_Et1 (TreatApproval) | Equipo: Equipo_4
[2026-05-06 19:49:09] [INFO ] [30/176] 1-117790-0
[2026-05-06 19:49:09] [INFO ]   [1-117790-0] MANNELLI, PABLO JORGE | Plan: ninguno (-) | Equipo: -
[2026-05-06 19:49:09] [INFO ] [31/176] 1-117796-0
[2026-05-06 19:49:09] [WARN ]   [1-117796-0] No encontrado en ARIA
[2026-05-06 19:49:09] [INFO ] [32/176] 1-117810-0
[2026-05-06 19:49:09] [INFO ]   [1-117810-0] GHIRARDI MANEIRO, ESTEFANIA | Plan: Plan2 (TreatApproval) | Equipo: Equipo_4
[2026-05-06 19:49:09] [INFO ] [33/176] 1-117814-0
[2026-05-06 19:49:09] [INFO ]   [1-117814-0] NEDER, NAHIR | Plan: ninguno (-) | Equipo: -
[2026-05-06 19:49:09] [INFO ] [34/176] 1-117831-0
[2026-05-06 19:49:09] [WARN ]   [1-117831-0] No encontrado en ARIA
[2026-05-06 19:49:09] [INFO ] [35/176] 1-117859-0
[2026-05-06 19:49:09] [INFO ]   [1-117859-0] TROBIA, EMILIO | Plan: Laringe (TreatApproval) | Equipo: Quilmes_600CD
[2026-05-06 19:49:09] [INFO ] [36/176] 1-117870-0
[2026-05-06 19:49:09] [INFO ]   [1-117870-0] GIORDANO, NORMA GRACIELA | Plan: ninguno (-) | Equipo: -
[2026-05-06 19:49:09] [INFO ] [37/176] 1-117874-0
[2026-05-06 19:49:09] [WARN ]   [1-117874-0] No encontrado en ARIA
[2026-05-06 19:49:09] [INFO ] [38/176] 1-117881-0
[2026-05-06 19:49:09] [INFO ]   [1-117881-0] MARIN, LILIANA EDITH | Plan: ninguno (-) | Equipo: -
[2026-05-06 19:49:09] [INFO ] [39/176] 1-117914-0
[2026-05-06 19:49:09] [INFO ]   [1-117914-0] ALCARAZ, ROGELIO | Plan: Ptta+V (TreatApproval) | Equipo: Equipo_1
[2026-05-06 19:49:09] [INFO ] [40/176] 1-117923-0
[2026-05-06 19:49:09] [INFO ]   [1-117923-0] ZACARIAS, ROGELIO FRANCISCO | Plan: ET2 (Unapproved) | Equipo: Quilmes iX-S
[2026-05-06 19:49:09] [INFO ] [41/176] 1-117935-0
[2026-05-06 19:49:09] [WARN ]   [1-117935-0] No encontrado en ARIA
[2026-05-06 19:49:09] [INFO ] [42/176] 1-117942-0
[2026-05-06 19:49:09] [INFO ]   [1-117942-0] CASTILLO, ALBERTO | Plan: Pta_hipo (TreatApproval) | Equipo: Quilmes_600CD
[2026-05-06 19:49:09] [INFO ] [43/176] 1-117943-0
[2026-05-06 19:49:09] [INFO ]   [1-117943-0] MOLDOVAN, ELIAS JOSE | Plan: Plan1 (Unapproved) | Equipo: Equipo_4
[2026-05-06 19:49:09] [INFO ] [44/176] 1-117949-0
[2026-05-06 19:49:09] [WARN ]   [1-117949-0] No encontrado en ARIA
[2026-05-06 19:49:09] [INFO ] [45/176] 1-117953-0
[2026-05-06 19:49:09] [WARN ]   [1-117953-0] No encontrado en ARIA
[2026-05-06 19:49:09] [INFO ] [46/176] 1-117955-0
[2026-05-06 19:49:09] [INFO ]   [1-117955-0] BIGLIERI, GUSTAVO GUILLERMO | Plan: Pta_normo (TreatApproval) | Equipo: Quilmes_600CD
[2026-05-06 19:49:09] [INFO ] [47/176] 1-117968-0
[2026-05-06 19:49:09] [INFO ]   [1-117968-0] CAÑETE, JUAN CARLOS | Plan: Pta_Hipo (TreatApproval) | Equipo: Quilmes_600CD
[2026-05-06 19:49:09] [INFO ] [48/176] 1-117972-0
[2026-05-06 19:49:09] [WARN ]   [1-117972-0] No encontrado en ARIA
[2026-05-06 19:49:09] [INFO ] [49/176] 1-117976-0
[2026-05-06 19:49:09] [INFO ]   [1-117976-0] BREA, PABLO GABRIEL | Plan: Plan1 (TreatApproval) | Equipo: -
[2026-05-06 19:49:09] [INFO ] [50/176] 1-117988-0
[2026-05-06 19:49:09] [INFO ]   [1-117988-0] MARTINEZ, SANTIAGO | Plan: Pta_hipo (Unapproved) | Equipo: Quilmes_600CD
[2026-05-06 19:49:09] [INFO ] [51/176] 1-117992-0
[2026-05-06 19:49:09] [INFO ]   [1-117992-0] CORONEL, PAULA ALEJANDRA | Plan: MDcA_FiF (Unapproved) | Equipo: Quilmes iX-S
[2026-05-06 19:49:09] [INFO ] [52/176] 1-118004-0
[2026-05-06 19:49:09] [WARN ]   [1-118004-0] No encontrado en ARIA
[2026-05-06 19:49:09] [INFO ] [53/176] 1-118009-0
[2026-05-06 19:49:09] [INFO ]   [1-118009-0] ZIMERLIZ, ANIBAL | Plan: ET1 (Unapproved) | Equipo: Quilmes_600CD
[2026-05-06 19:49:09] [INFO ] [54/176] 1-118017-0
[2026-05-06 19:49:09] [INFO ]   [1-118017-0] SANCHEZ, DANIEL GUSTAVO | Plan: CyC_Bilat (PlanApproval) | Equipo: -
[2026-05-06 19:49:09] [INFO ] [55/176] 1-118031-0
[2026-05-06 19:49:09] [INFO ]   [1-118031-0] GONZALEZ, GRACIELA MABEL | Plan: MD_FiF (Unapproved) | Equipo: Quilmes_600CD
[2026-05-06 19:49:09] [INFO ] [56/176] 1-118032-0
[2026-05-06 19:49:09] [INFO ]   [1-118032-0] HERRERA, EDGARDO CESAR | Plan: ninguno (-) | Equipo: -
[2026-05-06 19:49:09] [INFO ] [57/176] 1-118038-0
[2026-05-06 19:49:09] [INFO ]   [1-118038-0] CHOCOBAR, CAROLINA ANDREA | Plan: Plan2_FiF (TreatApproval) | Equipo: Equipo 2 6EX
[2026-05-06 19:49:09] [INFO ] [58/176] 1-118039-0
[2026-05-06 19:49:09] [WARN ]   [1-118039-0] No encontrado en ARIA
[2026-05-06 19:49:09] [INFO ] [59/176] 1-118040-0
[2026-05-06 19:49:10] [INFO ]   [1-118040-0] ZARATE, WALTER DARIO | Plan: CyC (TreatApproval) | Equipo: Equipo_1
[2026-05-06 19:49:10] [INFO ] [60/176] 1-118044-0
[2026-05-06 19:49:10] [INFO ]   [1-118044-0] DEMARGHERITA, JUAN DOMINGO | Plan: Plan2 (PlanApproval) | Equipo: Equipo_1
[2026-05-06 19:49:10] [INFO ] [61/176] 1-118047-0
[2026-05-06 19:49:10] [INFO ]   [1-118047-0] ROSEMBLAT, OSCAR ALBERTO | Plan: Plan1 (Unapproved) | Equipo: Equipo_1
[2026-05-06 19:49:10] [INFO ] [62/176] 1-118054-0
[2026-05-06 19:49:10] [INFO ]   [1-118054-0] CHAMORRO, SILVIA LETICIA | Plan: MD_FiF (Unapproved) | Equipo: Quilmes iX-S
[2026-05-06 19:49:10] [INFO ] [63/176] 1-118060-0
[2026-05-06 19:49:10] [INFO ]   [1-118060-0] GIAMBRUNI, EDUARDO MATEO | Plan: Pta (TreatApproval) | Equipo: Quilmes_600CD
[2026-05-06 19:49:10] [INFO ] [64/176] 1-118064-0
[2026-05-06 19:49:10] [INFO ]   [1-118064-0] OROZCO, JUAN CARLOS | Plan: Q_Pta (Unapproved) | Equipo: Quilmes_600CD
[2026-05-06 19:49:10] [INFO ] [65/176] 1-118067-0
[2026-05-06 19:49:10] [INFO ]   [1-118067-0] IBAÑEZ, BRENDA ELIZABETH | Plan: ninguno (-) | Equipo: -
[2026-05-06 19:49:10] [INFO ] [66/176] 1-118069-0
[2026-05-06 19:49:10] [INFO ]   [1-118069-0] CASTELLETO, JUAN CARLOS | Plan: ninguno (-) | Equipo: -
[2026-05-06 19:49:10] [INFO ] [67/176] 1-118070-0
[2026-05-06 19:49:10] [INFO ]   [1-118070-0] RUSSO, ANTONIO VICTOR | Plan: ET2 (TreatApproval) | Equipo: Quilmes_600CD
[2026-05-06 19:49:10] [INFO ] [68/176] 1-118074-0
[2026-05-06 19:49:10] [INFO ]   [1-118074-0] ARGENTO, NORBERTO ORLANDO | Plan: Plan2 (Unapproved) | Equipo: Equipo_4
[2026-05-06 19:49:10] [INFO ] [69/176] 1-118079-0
[2026-05-06 19:49:10] [INFO ]   [1-118079-0] PONTORIERO, CARLOS | Plan: Lecho_Pta (Unapproved) | Equipo: Quilmes_600CD
[2026-05-06 19:49:10] [INFO ] [70/176] 1-118081-0
[2026-05-06 19:49:10] [INFO ]   [1-118081-0] CUESTA, GRACIELA HAYDEE | Plan: Plan1 (PlanApproval) | Equipo: -
[2026-05-06 19:49:10] [INFO ] [71/176] 1-118082-0
[2026-05-06 19:49:10] [INFO ]   [1-118082-0] LUNA, JORGE FERNANDO | Plan: Plan1_1mm (Unapproved) | Equipo: Equipo_4
[2026-05-06 19:49:10] [INFO ] [72/176] 1-118083-0
[2026-05-06 19:49:10] [INFO ]   [1-118083-0] TONIUTTI, ROSA INES | Plan: VMD+a3 (Unapproved) | Equipo: -
[2026-05-06 19:49:10] [INFO ] [73/176] 1-118087-0
[2026-05-06 19:49:10] [INFO ]   [1-118087-0] SANTIA, NILDA ESTER | Plan: Pelvis (Unapproved) | Equipo: Quilmes_600CD
[2026-05-06 19:49:10] [INFO ] [74/176] 1-118090-0
[2026-05-06 19:49:10] [WARN ]   [1-118090-0] No encontrado en ARIA
[2026-05-06 19:49:10] [INFO ] [75/176] 1-118093-0
[2026-05-06 19:49:10] [INFO ]   [1-118093-0] GARCIA, MARIA EUGENIA | Plan: ninguno (-) | Equipo: -
[2026-05-06 19:49:10] [INFO ] [76/176] 1-118094-0
[2026-05-06 19:49:10] [INFO ]   [1-118094-0] LUCA, RUBEN VICENTE | Plan: Plan_HipoFx (PlanApproval) | Equipo: Equipo_4
[2026-05-06 19:49:10] [INFO ] [77/176] 1-118097-0
[2026-05-06 19:49:10] [INFO ]   [1-118097-0] DAVALOS ROMERO, SERAFIN | Plan: CyC # (TreatApproval) | Equipo: Quilmes_600CD
[2026-05-06 19:49:10] [INFO ] [78/176] 1-118104-0
[2026-05-06 19:49:10] [INFO ]   [1-118104-0] PIERRE, ELIZABETH LAURA | Plan: Plan1EZ_FiF (TreatApproval) | Equipo: Equipo 2 6EX
[2026-05-06 19:49:10] [INFO ] [79/176] 1-118105-0
[2026-05-06 19:49:10] [INFO ]   [1-118105-0] TASSARA, LETICIA | Plan: Plan2 (Unapproved) | Equipo: Equipo 2 6EX
[2026-05-06 19:49:10] [INFO ] [80/176] 1-118107-0
[2026-05-06 19:49:10] [INFO ]   [1-118107-0] PELLEGRINI, MARIA ELENA | Plan: VMDEZ_FiF (Unapproved) | Equipo: Equipo 2 6EX
[2026-05-06 19:49:10] [INFO ] [81/176] 1-118108-0
[2026-05-06 19:49:10] [INFO ]   [1-118108-0] ZAPATA, ANGELICA ESTHER | Plan: ninguno (-) | Equipo: -
[2026-05-06 19:49:10] [INFO ] [82/176] 1-118110-0
[2026-05-06 19:49:10] [INFO ]   [1-118110-0] GARNICA, ANGELA | Plan: WBRT HA_1mm1 (Unapproved) | Equipo: Equipo_4
[2026-05-06 19:49:10] [INFO ] [83/176] 1-118112-0
[2026-05-06 19:49:10] [INFO ]   [1-118112-0] ZANOCCO, LUIS ANTONIO | Plan: ninguno (-) | Equipo: -
[2026-05-06 19:49:10] [INFO ] [84/176] 1-118118-0
[2026-05-06 19:49:10] [WARN ]   [1-118118-0] No encontrado en ARIA
[2026-05-06 19:49:10] [INFO ] [85/176] 1-118124-0
[2026-05-06 19:49:10] [INFO ]   [1-118124-0] CASAFUZ, MARIA SOLEDAD | Plan: ninguno (-) | Equipo: -
[2026-05-06 19:49:10] [INFO ] [86/176] 1-118125-0
[2026-05-06 19:49:10] [INFO ]   [1-118125-0] ARGAÑARAZ, RAMON ANGEL | Plan: Plan2_VMAT (TreatApproval) | Equipo: Equipo_1
[2026-05-06 19:49:10] [INFO ] [87/176] 1-118128-0
[2026-05-06 19:49:10] [INFO ]   [1-118128-0] NODAR, ANA CLAUDIA | Plan: ninguno (-) | Equipo: -
[2026-05-06 19:49:10] [INFO ] [88/176] 1-118131-0
[2026-05-06 19:49:10] [INFO ]   [1-118131-0] GONZALEZ DEMATINE, ELSA MAGDALENA | Plan: ninguno (-) | Equipo: -
[2026-05-06 19:49:10] [INFO ] [89/176] 1-118132-0
[2026-05-06 19:49:10] [INFO ]   [1-118132-0] PIGNOL, HUGUETTE PAULETTE LUCIENE | Plan: ninguno (-) | Equipo: -
[2026-05-06 19:49:10] [INFO ] [90/176] 1-118133-0
[2026-05-06 19:49:10] [INFO ]   [1-118133-0] LORAY, MARIA AMALIA | Plan: Plan2 (Unapproved) | Equipo: Equipo_1
[2026-05-06 19:49:10] [INFO ] [91/176] 1-118135-0
[2026-05-06 19:49:10] [INFO ]   [1-118135-0] CASTELBAJAC, RICARDO HORACIO | Plan: ninguno (-) | Equipo: -
[2026-05-06 19:49:10] [INFO ] [92/176] 1-118136-0
[2026-05-06 19:49:10] [INFO ]   [1-118136-0] SANTA CRUZ, LUCIANA VERONICA | Plan: VMIEZB_FiF (TreatApproval) | Equipo: Equipo 2 6EX
[2026-05-06 19:49:10] [INFO ] [93/176] 1-118137-0
[2026-05-06 19:49:10] [INFO ]   [1-118137-0] COHEN, LUISA | Plan: ninguno (-) | Equipo: -
[2026-05-06 19:49:10] [INFO ] [94/176] 1-118144-0
[2026-05-06 19:49:10] [INFO ]   [1-118144-0] OYOLA, GIULIANA ROCIO | Plan: MDB_FiF (Unapproved) | Equipo: Quilmes_600CD
[2026-05-06 19:49:10] [INFO ] [95/176] 1-118151-0
[2026-05-06 19:49:10] [INFO ]   [1-118151-0] AYALA, RAMON | Plan: Q_CyC (Unapproved) | Equipo: Quilmes iX-S
[2026-05-06 19:49:10] [INFO ] [96/176] 1-118152-0
[2026-05-06 19:49:10] [INFO ]   [1-118152-0] CABALET, ROCIO MONICA | Plan: ninguno (-) | Equipo: -
[2026-05-06 19:49:10] [INFO ] [97/176] 1-118153-0
[2026-05-06 19:49:10] [INFO ]   [1-118153-0] MARTINEZ PALOMEQUE, MAXIMILIANO SEBASTIAN | Plan: ninguno (-) | Equipo: -
[2026-05-06 19:49:10] [INFO ] [98/176] 1-118154-0
[2026-05-06 19:49:10] [INFO ]   [1-118154-0] LUQUE, MARIA EVA | Plan: MIB_FiF (Unapproved) | Equipo: Quilmes_600CD
[2026-05-06 19:49:10] [INFO ] [99/176] 1-118155-0
[2026-05-06 19:49:10] [WARN ]   [1-118155-0] No encontrado en ARIA
[2026-05-06 19:49:10] [INFO ] [100/176] 1-118156-0
[2026-05-06 19:49:10] [INFO ]   [1-118156-0] OLIVO, RAMON ISABELINO | Plan: ninguno (-) | Equipo: -
[2026-05-06 19:49:10] [INFO ] [101/176] 1-118157-0
[2026-05-06 19:49:10] [INFO ]   [1-118157-0] CARDINALI, PATRICIA | Plan: MD (Unapproved) | Equipo: Quilmes_600CD
[2026-05-06 19:49:10] [INFO ] [102/176] 1-118161-0
[2026-05-06 19:49:10] [WARN ]   [1-118161-0] No encontrado en ARIA
[2026-05-06 19:49:10] [INFO ] [103/176] 1-118162-0
[2026-05-06 19:49:10] [WARN ]   [1-118162-0] No encontrado en ARIA
[2026-05-06 19:49:10] [INFO ] [104/176] 1-118163-0
[2026-05-06 19:49:10] [INFO ]   [1-118163-0] FLAMENCO, CARLOS ALBERTO | Plan: Plan2 (Unapproved) | Equipo: Equipo_4
[2026-05-06 19:49:10] [INFO ] [105/176] 1-118164-0
[2026-05-06 19:49:10] [WARN ]   [1-118164-0] No encontrado en ARIA
[2026-05-06 19:49:10] [INFO ] [106/176] 1-118172-0
[2026-05-06 19:49:10] [INFO ]   [1-118172-0] BENITEZ, ANA MARIA CRISTINA | Plan: MIB_FiF (Unapproved) | Equipo: Quilmes_600CD
[2026-05-06 19:49:10] [INFO ] [107/176] 1-118174-0
[2026-05-06 19:49:10] [INFO ]   [1-118174-0] BENZ, MERCEDES | Plan: ninguno (-) | Equipo: -
[2026-05-06 19:49:10] [INFO ] [108/176] 1-118179-0
[2026-05-06 19:49:10] [WARN ]   [1-118179-0] No encontrado en ARIA
[2026-05-06 19:49:10] [INFO ] [109/176] 1-118182-0
[2026-05-06 19:49:10] [INFO ]   [1-118182-0] CASTANO, GRACIELA ESTER | Plan: ninguno (-) | Equipo: -
[2026-05-06 19:49:10] [INFO ] [110/176] 1-118183-0
[2026-05-06 19:49:10] [INFO ]   [1-118183-0] STANG, FRANCISCO AURELIO | Plan: ninguno (-) | Equipo: -
[2026-05-06 19:49:10] [INFO ] [111/176] 1-118184-0
[2026-05-06 19:49:10] [INFO ]   [1-118184-0] MARTINEZ, DARIO CARLOS | Plan: Plan_Et1 (Unapproved) | Equipo: -
[2026-05-06 19:49:10] [INFO ] [112/176] 1-118186-0
[2026-05-06 19:49:10] [INFO ]   [1-118186-0] ZAKARIAN, CLARA REINA | Plan: Plan1EZ_FiF (Unapproved) | Equipo: Equipo_1
[2026-05-06 19:49:10] [INFO ] [113/176] 1-118187-0
[2026-05-06 19:49:10] [INFO ]   [1-118187-0] SAFDIE, SARA BEATRIZ | Plan: Plan1 (PlanApproval) | Equipo: Equipo_4
[2026-05-06 19:49:10] [INFO ] [114/176] 1-118188-0
[2026-05-06 19:49:10] [WARN ]   [1-118188-0] No encontrado en ARIA
[2026-05-06 19:49:10] [INFO ] [115/176] 1-118189-0
[2026-05-06 19:49:10] [INFO ]   [1-118189-0] GONZALEZ, ROBERTO OSVALDO | Plan: ninguno (-) | Equipo: -
[2026-05-06 19:49:10] [INFO ] [116/176] 1-118192-0
[2026-05-06 19:49:10] [INFO ]   [1-118192-0] CONTE GRAND, JUAN ANTONIO | Plan: ninguno (-) | Equipo: -
[2026-05-06 19:49:10] [INFO ] [117/176] 1-118193-0
[2026-05-06 19:49:10] [INFO ]   [1-118193-0] VASCONCELLO, MARIA JULIA | Plan: ninguno (-) | Equipo: -
[2026-05-06 19:49:10] [INFO ] [118/176] 1-118194-0
[2026-05-06 19:49:10] [INFO ]   [1-118194-0] GUIÑEZ, SANDRA MABEL | Plan: MDB_FiF (Unapproved) | Equipo: Quilmes_600CD
[2026-05-06 19:49:10] [INFO ] [119/176] 1-118195-0
[2026-05-06 19:49:10] [INFO ]   [1-118195-0] GIAGNORIO, ADRIANA PATRICIA | Plan: ninguno (-) | Equipo: -
[2026-05-06 19:49:10] [INFO ] [120/176] 1-118196-0
[2026-05-06 19:49:10] [INFO ]   [1-118196-0] LEIVA, NATALIA ALICIA | Plan: Lumbar (Unapproved) | Equipo: Quilmes_600CD
[2026-05-06 19:49:10] [INFO ] [121/176] 1-118202-0
[2026-05-06 19:49:10] [INFO ]   [1-118202-0] RUIZ, MERCEDES VICTORIA | Plan: ninguno (-) | Equipo: -
[2026-05-06 19:49:10] [INFO ] [122/176] 1-118204-0
[2026-05-06 19:49:10] [WARN ]   [1-118204-0] No encontrado en ARIA
[2026-05-06 19:49:10] [INFO ] [123/176] 1-118205-0
[2026-05-06 19:49:10] [INFO ]   [1-118205-0] CAÑETE, SANDRA LUJAN DEL CARMEN | Plan: Plan2_FiF (TreatApproval) | Equipo: Equipo 2 6EX
[2026-05-06 19:49:10] [INFO ] [124/176] 1-118207-0
[2026-05-06 19:49:10] [INFO ]   [1-118207-0] BOCCARDO, PEDRO PABLO LORENZO | Plan: Plan1 (PlanApproval) | Equipo: Equipo_4
[2026-05-06 19:49:10] [INFO ] [125/176] 1-118208-0
[2026-05-06 19:49:10] [INFO ]   [1-118208-0] SCHELLEMBERG, CARLOS MARCELO | Plan: ninguno (-) | Equipo: -
[2026-05-06 19:49:10] [INFO ] [126/176] 1-118213-0
[2026-05-06 19:49:10] [INFO ]   [1-118213-0] MAGALLAN, ALBERTO RAUL | Plan: ninguno (-) | Equipo: -
[2026-05-06 19:49:10] [INFO ] [127/176] 1-118214-0
[2026-05-06 19:49:10] [INFO ]   [1-118214-0] DEL POZO, MARTA ELENA | Plan: ninguno (-) | Equipo: -
[2026-05-06 19:49:10] [INFO ] [128/176] 1-118218-0
[2026-05-06 19:49:10] [INFO ]   [1-118218-0] POMBO, DEBORA BARBARA ROSANA | Plan: ninguno (-) | Equipo: -
[2026-05-06 19:49:10] [INFO ] [129/176] 1-118219-0
[2026-05-06 19:49:10] [INFO ]   [1-118219-0] PIGNATARO, MARIA GRACIELA | Plan: ninguno (-) | Equipo: -
[2026-05-06 19:49:10] [INFO ] [130/176] 1-118225-0
[2026-05-06 19:49:10] [INFO ]   [1-118225-0] SORIA, DANIEL RAMON | Plan: ninguno (-) | Equipo: -
[2026-05-06 19:49:10] [INFO ] [131/176] 1-118234-0
[2026-05-06 19:49:10] [WARN ]   [1-118234-0] No encontrado en ARIA
[2026-05-06 19:49:10] [INFO ] [132/176] 1-118236-0
[2026-05-06 19:49:10] [INFO ]   [1-118236-0] ESTEVEZ, FLORENCIA | Plan: ninguno (-) | Equipo: -
[2026-05-06 19:49:10] [INFO ] [133/176] 1-118240-0
[2026-05-06 19:49:10] [WARN ]   [1-118240-0] No encontrado en ARIA
[2026-05-06 19:49:10] [INFO ] [134/176] 1-118249-0
[2026-05-06 19:49:10] [INFO ]   [1-118249-0] SMILARI, MARIA DE LOS ANGELES | Plan: ninguno (-) | Equipo: -
[2026-05-06 19:49:10] [INFO ] [135/176] 1-118250-0
[2026-05-06 19:49:10] [INFO ]   [1-118250-0] FIA, ANA MARIA | Plan: ninguno (-) | Equipo: -
[2026-05-06 19:49:10] [INFO ] [136/176] 1-118253-0
[2026-05-06 19:49:10] [INFO ]   [1-118253-0] BARRIOS, ROMINA NOEMI | Plan: WBRT HA (Unapproved) | Equipo: Equipo_4
[2026-05-06 19:49:10] [INFO ] [137/176] 1-118265-0
[2026-05-06 19:49:10] [WARN ]   [1-118265-0] No encontrado en ARIA
[2026-05-06 19:49:10] [INFO ] [138/176] 1-118272-0
[2026-05-06 19:49:10] [INFO ]   [1-118272-0] LOPEZ, PALMIRA EMILIA | Plan: ninguno (-) | Equipo: -
[2026-05-06 19:49:10] [INFO ] [139/176] 1-118278-0
[2026-05-06 19:49:10] [WARN ]   [1-118278-0] No encontrado en ARIA
[2026-05-06 19:49:10] [INFO ] [140/176] 1-118297-0
[2026-05-06 19:49:10] [WARN ]   [1-118297-0] No encontrado en ARIA
[2026-05-06 19:49:10] [INFO ] [141/176] 1-118299-0
[2026-05-06 19:49:10] [WARN ]   [1-118299-0] No encontrado en ARIA
[2026-05-06 19:49:10] [INFO ] [142/176] 1-118311-0
[2026-05-06 19:49:10] [WARN ]   [1-118311-0] No encontrado en ARIA
[2026-05-06 19:49:10] [INFO ] [143/176] 1-118316-0
[2026-05-06 19:49:10] [WARN ]   [1-118316-0] No encontrado en ARIA
[2026-05-06 19:49:10] [INFO ] [144/176] 1-118317-0
[2026-05-06 19:49:10] [WARN ]   [1-118317-0] No encontrado en ARIA
[2026-05-06 19:49:10] [INFO ] [145/176] 1-118320-0
[2026-05-06 19:49:10] [WARN ]   [1-118320-0] No encontrado en ARIA
[2026-05-06 19:49:10] [INFO ] [146/176] 1-62610-1
[2026-05-06 19:49:10] [WARN ]   [1-62610-1] No encontrado en ARIA
[2026-05-06 19:49:10] [INFO ] [147/176] 1-67961-1
[2026-05-06 19:49:10] [INFO ]   [1-67961-1] GARCIA, MARIA LUZ | Plan: ninguno (-) | Equipo: -
[2026-05-06 19:49:10] [INFO ] [148/176] 1-69390-1
[2026-05-06 19:49:10] [INFO ]   [1-69390-1] LOPEZ, BRUNILDA CANDIDA | Plan: ninguno (-) | Equipo: -
[2026-05-06 19:49:10] [INFO ] [149/176] 1-70822-1
[2026-05-06 19:49:10] [WARN ]   [1-70822-1] No encontrado en ARIA
[2026-05-06 19:49:10] [INFO ] [150/176] 1-74713-1
[2026-05-06 19:49:10] [WARN ]   [1-74713-1] No encontrado en ARIA
[2026-05-06 19:49:10] [INFO ] [151/176] 1-88608-1
[2026-05-06 19:49:10] [WARN ]   [1-88608-1] No encontrado en ARIA
[2026-05-06 19:49:10] [INFO ] [152/176] 1-98423-1
[2026-05-06 19:49:10] [WARN ]   [1-98423-1] No encontrado en ARIA
[2026-05-06 19:49:10] [INFO ] [153/176] 1-98720-1
[2026-05-06 19:49:10] [WARN ]   [1-98720-1] No encontrado en ARIA
[2026-05-06 19:49:10] [INFO ] [154/176] 1012c50a-8fd8-4895-8011-ef4b09f72ec2
[2026-05-06 19:49:10] [WARN ]   [1012c50a-8fd8-4895-8011-ef4b09f72ec2] No encontrado en ARIA
[2026-05-06 19:49:10] [INFO ] [155/176] 16-11730-0
[2026-05-06 19:49:10] [INFO ]   [16-11730-0] ARCE, GUILLERMO JESUS | Plan: SBRT_Prostata (Unapproved) | Equipo: Equipo_4
[2026-05-06 19:49:10] [INFO ] [156/176] 16-11783-0
[2026-05-06 19:49:10] [WARN ]   [16-11783-0] No encontrado en ARIA
[2026-05-06 19:49:10] [INFO ] [157/176] 16-11892-0
[2026-05-06 19:49:10] [INFO ]   [16-11892-0] CORZO, MARA NOELIA | Plan: Plan10MV (Unapproved) | Equipo: -
[2026-05-06 19:49:10] [INFO ] [158/176] 16-11904-0
[2026-05-06 19:49:10] [WARN ]   [16-11904-0] No encontrado en ARIA
[2026-05-06 19:49:10] [INFO ] [159/176] 16-11915-0
[2026-05-06 19:49:10] [INFO ]   [16-11915-0] PEREZ, ROSANA ANDREA | Plan: EQ2_40_FiF (Unapproved) | Equipo: -
[2026-05-06 19:49:10] [INFO ] [160/176] 16-11920-0
[2026-05-06 19:49:10] [INFO ]   [16-11920-0] GONZALEZ, DORA MARIA | Plan: EQ2_40 (Unapproved) | Equipo: -
[2026-05-06 19:49:10] [INFO ] [161/176] 16-11922-0
[2026-05-06 19:49:10] [INFO ]   [16-11922-0] ORTIZ CUENCA, MARIELA PAMELA | Plan: EQ2_FiF (Unapproved) | Equipo: -
[2026-05-06 19:49:10] [INFO ] [162/176] 16-11923-0
[2026-05-06 19:49:10] [INFO ]   [16-11923-0] HERNANDEZ ORELLANA VALERIA, ORELLANA VALERIA | Plan: EQ2_FiF (Unapproved) | Equipo: -
[2026-05-06 19:49:10] [INFO ] [163/176] 16-11926-0
[2026-05-06 19:49:10] [WARN ]   [16-11926-0] No encontrado en ARIA
[2026-05-06 19:49:10] [INFO ] [164/176] 16-11927-0
[2026-05-06 19:49:10] [INFO ]   [16-11927-0] MINO, NORBERTO | Plan: EQ2 (Unapproved) | Equipo: -
[2026-05-06 19:49:10] [INFO ] [165/176] 16-11933-0
[2026-05-06 19:49:10] [WARN ]   [16-11933-0] No encontrado en ARIA
[2026-05-06 19:49:10] [INFO ] [166/176] 16-11939-0
[2026-05-06 19:49:10] [WARN ]   [16-11939-0] No encontrado en ARIA
[2026-05-06 19:49:10] [INFO ] [167/176] 16-11940-0
[2026-05-06 19:49:10] [INFO ]   [16-11940-0] CHAMORRO ELISABET DAIANA, ELISABET DAIANA | Plan: ninguno (-) | Equipo: -
[2026-05-06 19:49:10] [INFO ] [168/176] 16-11943-0
[2026-05-06 19:49:10] [WARN ]   [16-11943-0] No encontrado en ARIA
[2026-05-06 19:49:10] [INFO ] [169/176] 16-11945-0
[2026-05-06 19:49:10] [WARN ]   [16-11945-0] No encontrado en ARIA
[2026-05-06 19:49:10] [INFO ] [170/176] 16-11946-0
[2026-05-06 19:49:10] [WARN ]   [16-11946-0] No encontrado en ARIA
[2026-05-06 19:49:10] [INFO ] [171/176] 5-21570-0
[2026-05-06 19:49:10] [INFO ]   [5-21570-0] PARDAL, RICARDO LUIS | Plan: ninguno (-) | Equipo: -
[2026-05-06 19:49:10] [INFO ] [172/176] 57783afc-46ba-4ad9-b9b8-e0c181ecb0eb
[2026-05-06 19:49:10] [WARN ]   [57783afc-46ba-4ad9-b9b8-e0c181ecb0eb] No encontrado en ARIA
[2026-05-06 19:49:10] [INFO ] [173/176] b53986c4-c627-481f-ac12-e2c07f81ee10
[2026-05-06 19:49:10] [WARN ]   [b53986c4-c627-481f-ac12-e2c07f81ee10] No encontrado en ARIA
[2026-05-06 19:49:10] [INFO ] [174/176] c16cc884-8364-48e9-978b-68dd4c05a08e
[2026-05-06 19:49:10] [WARN ]   [c16cc884-8364-48e9-978b-68dd4c05a08e] No encontrado en ARIA
[2026-05-06 19:49:10] [INFO ] [175/176] c55d1289-fe81-4073-925d-ee740623f776
[2026-05-06 19:49:10] [WARN ]   [c55d1289-fe81-4073-925d-ee740623f776] No encontrado en ARIA
[2026-05-06 19:49:10] [INFO ] [176/176] e221dbe1-42dd-4d6c-85e5-209e96097347
[2026-05-06 19:49:10] [WARN ]   [e221dbe1-42dd-4d6c-85e5-209e96097347] No encontrado en ARIA
[2026-05-06 19:49:10] [INFO ] ============================================================
[2026-05-06 19:49:10] [INFO ] Completado:
[2026-05-06 19:49:10] [INFO ]   Encontrados:    118/176
[2026-05-06 19:49:10] [INFO ]   No encontrados: 58
[2026-05-06 19:49:10] [INFO ]   Con errores:    0
[2026-05-06 19:49:10] [INFO ] Resultados: \\ARIAMEVADB-SVR\va_data$\Export\Pablo\net9.0\aria_results_20260506_194907.json
[2026-05-06 19:49:10] [INFO ] Log:        \\ARIAMEVADB-SVR\va_data$\Export\Pablo\net9.0\aria_runner_20260506_194907.log
